#-----------------------------------------------------------
# Vivado v2020.2 (64-bit)
# SW Build 3064766 on Wed Nov 18 09:12:45 MST 2020
# IP Build 3064653 on Wed Nov 18 14:17:31 MST 2020
# Start of session at: Sat Dec  2 15:27:06 2023
# Process ID: 10036
# Current directory: D:/PersonalCloud/MSE/PDS/TP_Final/pds-MSE-8Co2023
# Command line: vivado.exe -gui_launcher_event rodinguilauncherevent14012 D:\PersonalCloud\MSE\PDS\TP_Final\pds-MSE-8Co2023\PDS_Test.xpr
# Log file: D:/PersonalCloud/MSE/PDS/TP_Final/pds-MSE-8Co2023/vivado.log
# Journal file: D:/PersonalCloud/MSE/PDS/TP_Final/pds-MSE-8Co2023\vivado.jou
#-----------------------------------------------------------
start_gui
open_project D:/PersonalCloud/MSE/PDS/TP_Final/pds-MSE-8Co2023/PDS_Test.xpr
update_compile_order -fileset sources_1
synth_design -rtl -rtl_skip_mlo -name rtl_1
synth_design -rtl -rtl_skip_mlo -name rtl_1
synth_design -rtl -rtl_skip_mlo -name rtl_1
synth_design -rtl -rtl_skip_mlo -name rtl_1
synth_design -rtl -rtl_skip_mlo -name rtl_1
refresh_design
refresh_design
refresh_design
refresh_design
refresh_design
refresh_design
refresh_design
refresh_design
close_design
synth_design -rtl -rtl_skip_mlo -name rtl_1
synth_design -rtl -rtl_skip_mlo -name rtl_1
synth_design -rtl -rtl_skip_mlo -name rtl_1
synth_design -rtl -rtl_skip_mlo -name rtl_1
update_compile_order -fileset sources_1
update_compile_order -fileset sources_1
close_design
update_compile_order -fileset sources_1
synth_design -rtl -rtl_skip_mlo -name rtl_1
refresh_design
close_design
synth_design -rtl -rtl_skip_mlo -name rtl_1
synth_design -rtl -rtl_skip_mlo -name rtl_1
close_design
synth_design -rtl -rtl_skip_mlo -name rtl_1
refresh_design
